
Discarded input sections

 .group         0x0000000000000000        0x8 entry.o
 .group         0x0000000000000000        0x8 test1.o
 .text.__x86.get_pc_thunk.ax
                0x0000000000000000        0x4 test1.o
 .group         0x0000000000000000        0x8 test2.o
 .text.__x86.get_pc_thunk.ax
                0x0000000000000000        0x4 test2.o

Memory Configuration

Name             Origin             Length             Attributes
*default*        0x0000000000000000 0xffffffffffffffff

Linker script and memory map

                0x0000000000000050                . = 0x50

.text           0x0000000000000050       0x80
 entry.o(.text)
 .text          0x0000000000000050       0x26 entry.o
                0x0000000000000050                entry
                0x0000000000000078                . = ALIGN (0x4)
 *fill*         0x0000000000000076        0x2 
 *(.text)
 .text          0x0000000000000078       0x26 test1.o
                0x0000000000000078                test1
 .text          0x000000000000009e       0x32 test2.o
                0x000000000000009e                test2

.text.__x86.get_pc_thunk.ax
                0x00000000000000d0        0x4
 .text.__x86.get_pc_thunk.ax
                0x00000000000000d0        0x4 entry.o
                0x00000000000000d0                __x86.get_pc_thunk.ax

.iplt           0x00000000000000d4        0x0
 .iplt          0x00000000000000d4        0x0 entry.o

.rodata         0x00000000000000d4       0x12
 .rodata        0x00000000000000d4        0x6 entry.o
 .rodata        0x00000000000000da        0x6 test1.o
 .rodata        0x00000000000000e0        0x6 test2.o

.eh_frame       0x00000000000000e8       0x8c
 .eh_frame      0x00000000000000e8       0x4c entry.o
 .eh_frame      0x0000000000000134       0x20 test1.o
                                         0x4c (size before relaxing)
 .eh_frame      0x0000000000000154       0x20 test2.o
                                         0x4c (size before relaxing)

.rel.dyn        0x0000000000000174        0x0
 .rel.got       0x0000000000000174        0x0 entry.o
 .rel.iplt      0x0000000000000174        0x0 entry.o
                0x0000000000000174                . = ALIGN (0x4)

.data           0x0000000000000174        0x0
 *(.data)
 .data          0x0000000000000174        0x0 entry.o
 .data          0x0000000000000174        0x0 test1.o
 .data          0x0000000000000174        0x0 test2.o

.got            0x0000000000000174        0x0
 .got           0x0000000000000174        0x0 entry.o

.got.plt        0x0000000000000174        0xc
 .got.plt       0x0000000000000174        0xc entry.o
                0x0000000000000174                _GLOBAL_OFFSET_TABLE_

.igot.plt       0x0000000000000180        0x0
 .igot.plt      0x0000000000000180        0x0 entry.o
                0x0000000000000180                . = ALIGN (0x4)

.bss            0x0000000000000180        0x0
 *(.bss)
 .bss           0x0000000000000180        0x0 entry.o
 .bss           0x0000000000000180        0x0 test1.o
 .bss           0x0000000000000180        0x0 test2.o
LOAD entry.o
LOAD test1.o
LOAD test2.o
OUTPUT(kernel.elf elf32-i386)

.comment        0x0000000000000000       0x61
 .comment       0x0000000000000000       0x61 entry.o
                                         0x62 (size before relaxing)
 .comment       0x0000000000000061       0x62 test1.o
 .comment       0x0000000000000061       0x62 test2.o

.note.GNU-stack
                0x0000000000000000        0x0
 .note.GNU-stack
                0x0000000000000000        0x0 entry.o
 .note.GNU-stack
                0x0000000000000000        0x0 test1.o
 .note.GNU-stack
                0x0000000000000000        0x0 test2.o
